{"timestamp":"2026-08-24T10:59:41.162529Z","level":"info","event":"DAG bundles loaded: dags-folder, example_dags","logger":"airflow.dag_processing.bundles.manager.DagBundlesManager","filename":"manager.py","lineno":179}
{"timestamp":"2026-08-24T10:59:41.164608Z","level":"info","event":"Filling up the DagBag from /opt/airflow/dags/weather_dag.py","logger":"airflow.models.dagbag.BundleDagBag","filename":"dagbag.py","lineno":593}
{"timestamp":"2026-08-24T10:59:41.210369Z","level":"info","event":"-> Conectando em host.docker.internal:5432/weather_data com usuário bud","logger":"root","filename":"load_data.py","lineno":20}
{"timestamp":"2026-08-24T10:59:41.233840Z","level":"warning","event":"The `airflow.decorators.dag` attribute is deprecated. Please use `'airflow.sdk.dag'`.","category":"DeprecatedImportWarning","filename":"/opt/airflow/dags/weather_dag.py","lineno":2,"logger":"py.warnings"}
{"timestamp":"2026-08-24T10:59:41.234056Z","level":"warning","event":"The `airflow.decorators.task` attribute is deprecated. Please use `'airflow.sdk.task'`.","category":"DeprecatedImportWarning","filename":"/opt/airflow/dags/weather_dag.py","lineno":2,"logger":"py.warnings"}
{"timestamp":"2026-08-24T10:59:41.264690Z","level":"info","event":"Task instance is in running state","logger":"task.stdout"}
{"timestamp":"2026-08-24T10:59:41.267273Z","level":"info","event":" Previous state of the Task instance: TaskInstanceState.QUEUED","logger":"task.stdout"}
{"timestamp":"2026-08-24T10:59:41.268493Z","level":"info","event":"Current task name:transform","logger":"task.stdout"}
{"timestamp":"2026-08-24T10:59:41.269365Z","level":"info","event":"Dag name:youtube_weather_pipeline","logger":"task.stdout"}
{"timestamp":"2026-08-24T10:59:41.270310Z","level":"info","event":"","logger":"task.stdout"}
{"timestamp":"2026-08-24T10:59:41.271244Z","level":"info","event":" Iniciando transformações","logger":"task.stdout"}
{"timestamp":"2026-08-24T10:59:41.266923Z","level":"info","event":"→ Criando DataFrame do arquivo JSON...","logger":"root","filename":"transform_data.py","lineno":42}
{"timestamp":"2026-08-24T10:59:41.278727Z","level":"info","event":"\n✓ DataFrame criado com 1 linha(s)","logger":"root","filename":"transform_data.py","lineno":52}
{"timestamp":"2026-08-24T10:59:41.282764Z","level":"info","event":"\n✓ Coluna 'weather' normalizada - 30 colunas","logger":"root","filename":"transform_data.py","lineno":66}
{"timestamp":"2026-08-24T10:59:41.282990Z","level":"info","event":"\n→ Removendo colunas: ['weather', 'weather_icon', 'sys.type']","logger":"root","filename":"transform_data.py","lineno":70}
{"timestamp":"2026-08-24T10:59:41.285205Z","level":"info","event":"✓ Colunas removidas - 27 colunas restantes","logger":"root","filename":"transform_data.py","lineno":72}
{"timestamp":"2026-08-24T10:59:41.285416Z","level":"info","event":"\n→ Renomeando 26 colunas...","logger":"root","filename":"transform_data.py","lineno":76}
{"timestamp":"2026-08-24T10:59:41.286156Z","level":"info","event":"✓ Colunas renomeadas","logger":"root","filename":"transform_data.py","lineno":78}
{"timestamp":"2026-08-24T10:59:41.286309Z","level":"info","event":"\n→ Convertendo colunas para datetime: ['datetime', 'sunrise', 'sunset']","logger":"root","filename":"transform_data.py","lineno":82}
{"timestamp":"2026-08-24T10:59:41.292386Z","level":"info","event":"✓ Colunas convertidas para datetime\n","logger":"root","filename":"transform_data.py","lineno":85}
{"timestamp":"2026-08-24T10:59:41.292578Z","level":"info","event":"✓ Transformações concluídas\n","logger":"root","filename":"transform_data.py","lineno":95}
{"timestamp":"2026-08-24T10:59:41.443959Z","level":"info","event":"Done. Returned value was: None","logger":"airflow.task.operators.airflow.providers.standard.decorators.python._PythonDecoratedOperator","filename":"python.py","lineno":230}
{"timestamp":"2026-08-24T10:59:41.477847Z","level":"info","event":"Task instance in success state","logger":"task.stdout"}
{"timestamp":"2026-08-24T10:59:41.478892Z","level":"info","event":" Previous state of the Task instance: TaskInstanceState.RUNNING","logger":"task.stdout"}
{"timestamp":"2026-08-24T10:59:41.485528Z","level":"info","event":"Task operator:<Task(_PythonDecoratedOperator): transform>","logger":"task.stdout"}
