{"timestamp":"2026-08-24T10:59:42.621207Z","level":"info","event":"DAG bundles loaded: dags-folder, example_dags","logger":"airflow.dag_processing.bundles.manager.DagBundlesManager","filename":"manager.py","lineno":179}
{"timestamp":"2026-08-24T10:59:42.623299Z","level":"info","event":"Filling up the DagBag from /opt/airflow/dags/weather_dag.py","logger":"airflow.models.dagbag.BundleDagBag","filename":"dagbag.py","lineno":593}
{"timestamp":"2026-08-24T10:59:42.672111Z","level":"info","event":"-> Conectando em host.docker.internal:5432/weather_data com usuário bud","logger":"root","filename":"load_data.py","lineno":20}
{"timestamp":"2026-08-24T10:59:42.691447Z","level":"warning","event":"The `airflow.decorators.dag` attribute is deprecated. Please use `'airflow.sdk.dag'`.","category":"DeprecatedImportWarning","filename":"/opt/airflow/dags/weather_dag.py","lineno":2,"logger":"py.warnings"}
{"timestamp":"2026-08-24T10:59:42.691689Z","level":"warning","event":"The `airflow.decorators.task` attribute is deprecated. Please use `'airflow.sdk.task'`.","category":"DeprecatedImportWarning","filename":"/opt/airflow/dags/weather_dag.py","lineno":2,"logger":"py.warnings"}
{"timestamp":"2026-08-24T10:59:42.722450Z","level":"info","event":"Task instance is in running state","logger":"task.stdout"}
{"timestamp":"2026-08-24T10:59:42.723397Z","level":"info","event":" Previous state of the Task instance: TaskInstanceState.QUEUED","logger":"task.stdout"}
{"timestamp":"2026-08-24T10:59:42.724268Z","level":"info","event":"Current task name:load","logger":"task.stdout"}
{"timestamp":"2026-08-24T10:59:42.725126Z","level":"info","event":"Dag name:youtube_weather_pipeline","logger":"task.stdout"}
{"timestamp":"2026-08-24T10:59:43.052656Z","level":"error","event":"Task failed with exception","logger":"task","filename":"task_runner.py","lineno":1142,"error_detail":[{"exc_type":"IntegrityError","exc_value":"(psycopg2.errors.UniqueViolation) ERRO:  duplicar valor da chave viola a restrição de unicidade \"pg_type_typname_nsp_index\"\nDETAIL:  Chave (typname, typnamespace)=(sp_weather, 2200) já existe.\n\n[SQL: \nCREATE TABLE sp_weather (\n\tbase TEXT, \n\tvisibility BIGINT, \n\tdatetime TIMESTAMP WITH TIME ZONE, \n\ttimezone BIGINT, \n\tcity_id BIGINT, \n\tcity_name TEXT, \n\tcode BIGINT, \n\tlongitude FLOAT(53), \n\tlatitude FLOAT(53), \n\ttemperature FLOAT(53), \n\tfeels_like FLOAT(53), \n\ttemp_min FLOAT(53), \n\ttemp_max FLOAT(53), \n\tpressure BIGINT, \n\thumidity BIGINT, \n\tsea_level BIGINT, \n\tgrnd_level BIGINT, \n\twind_speed FLOAT(53), \n\twind_deg BIGINT, \n\tclouds BIGINT, \n\tsys_id BIGINT, \n\tcountry TEXT, \n\tsunrise TIMESTAMP WITH TIME ZONE, \n\tsunset TIMESTAMP WITH TIME ZONE, \n\tweather_id BIGINT, \n\tweather_main TEXT, \n\tweather_description TEXT\n)\n\n]\n(Background on this error at: https://sqlalche.me/e/20/gkpj)","exc_notes":[],"syntax_error":null,"is_cause":false,"frames":[{"filename":"/home/airflow/.local/lib/python3.12/site-packages/airflow/sdk/execution_time/task_runner.py","lineno":1068,"name":"run"},{"filename":"/home/airflow/.local/lib/python3.12/site-packages/airflow/sdk/execution_time/task_runner.py","lineno":1477,"name":"_execute_task"},{"filename":"/home/airflow/.local/lib/python3.12/site-packages/airflow/sdk/bases/operator.py","lineno":417,"name":"wrapper"},{"filename":"/home/airflow/.local/lib/python3.12/site-packages/airflow/sdk/bases/decorator.py","lineno":252,"name":"execute"},{"filename":"/home/airflow/.local/lib/python3.12/site-packages/airflow/sdk/bases/operator.py","lineno":417,"name":"wrapper"},{"filename":"/home/airflow/.local/lib/python3.12/site-packages/airflow/providers/standard/operators/python.py","lineno":228,"name":"execute"},{"filename":"/home/airflow/.local/lib/python3.12/site-packages/airflow/providers/standard/operators/python.py","lineno":251,"name":"execute_callable"},{"filename":"/home/airflow/.local/lib/python3.12/site-packages/airflow/sdk/execution_time/callback_runner.py","lineno":82,"name":"run"},{"filename":"/opt/airflow/dags/weather_dag.py","lineno":49,"name":"load"},{"filename":"/opt/airflow/src/load_data.py","lineno":28,"name":"load_weather_data"},{"filename":"/home/airflow/.local/lib/python3.12/site-packages/pandas/util/_decorators.py","lineno":333,"name":"wrapper"},{"filename":"/home/airflow/.local/lib/python3.12/site-packages/pandas/core/generic.py","lineno":3109,"name":"to_sql"},{"filename":"/home/airflow/.local/lib/python3.12/site-packages/pandas/io/sql.py","lineno":844,"name":"to_sql"},{"filename":"/home/airflow/.local/lib/python3.12/site-packages/pandas/io/sql.py","lineno":2020,"name":"to_sql"},{"filename":"/home/airflow/.local/lib/python3.12/site-packages/pandas/io/sql.py","lineno":1924,"name":"prep_table"},{"filename":"/home/airflow/.local/lib/python3.12/site-packages/pandas/io/sql.py","lineno":997,"name":"create"},{"filename":"/home/airflow/.local/lib/python3.12/site-packages/pandas/io/sql.py","lineno":983,"name":"_execute_create"},{"filename":"/home/airflow/.local/lib/python3.12/site-packages/sqlalchemy/sql/schema.py","lineno":1288,"name":"create"},{"filename":"/home/airflow/.local/lib/python3.12/site-packages/sqlalchemy/engine/base.py","lineno":2467,"name":"_run_ddl_visitor"},{"filename":"/home/airflow/.local/lib/python3.12/site-packages/sqlalchemy/sql/visitors.py","lineno":661,"name":"traverse_single"},{"filename":"/home/airflow/.local/lib/python3.12/site-packages/sqlalchemy/sql/ddl.py","lineno":1022,"name":"visit_table"},{"filename":"/home/airflow/.local/lib/python3.12/site-packages/sqlalchemy/sql/ddl.py","lineno":321,"name":"_invoke_with"},{"filename":"/home/airflow/.local/lib/python3.12/site-packages/sqlalchemy/engine/base.py","lineno":1419,"name":"execute"},{"filename":"/home/airflow/.local/lib/python3.12/site-packages/sqlalchemy/sql/ddl.py","lineno":187,"name":"_execute_on_connection"},{"filename":"/home/airflow/.local/lib/python3.12/site-packages/sqlalchemy/engine/base.py","lineno":1530,"name":"_execute_ddl"},{"filename":"/home/airflow/.local/lib/python3.12/site-packages/sqlalchemy/engine/base.py","lineno":1846,"name":"_execute_context"},{"filename":"/home/airflow/.local/lib/python3.12/site-packages/sqlalchemy/engine/base.py","lineno":1986,"name":"_exec_single_context"},{"filename":"/home/airflow/.local/lib/python3.12/site-packages/sqlalchemy/engine/base.py","lineno":2363,"name":"_handle_dbapi_exception"},{"filename":"/home/airflow/.local/lib/python3.12/site-packages/sqlalchemy/engine/base.py","lineno":1967,"name":"_exec_single_context"},{"filename":"/home/airflow/.local/lib/python3.12/site-packages/sqlalchemy/engine/default.py","lineno":952,"name":"do_execute"}],"is_group":false,"exceptions":[]},{"exc_type":"UniqueViolation","exc_value":"ERRO:  duplicar valor da chave viola a restrição de unicidade \"pg_type_typname_nsp_index\"\nDETAIL:  Chave (typname, typnamespace)=(sp_weather, 2200) já existe.\n","exc_notes":[],"syntax_error":null,"is_cause":true,"frames":[{"filename":"/home/airflow/.local/lib/python3.12/site-packages/sqlalchemy/engine/base.py","lineno":1967,"name":"_exec_single_context"},{"filename":"/home/airflow/.local/lib/python3.12/site-packages/sqlalchemy/engine/default.py","lineno":952,"name":"do_execute"}],"is_group":false,"exceptions":[]}]}
{"timestamp":"2026-08-24T10:59:43.101279Z","level":"info","event":"Task instance in failure state","logger":"task.stdout"}
{"timestamp":"2026-08-24T10:59:43.102476Z","level":"info","event":"Task start","logger":"task.stdout"}
{"timestamp":"2026-08-24T10:59:43.103446Z","level":"info","event":"Task:<Task(_PythonDecoratedOperator): load>","logger":"task.stdout"}
{"timestamp":"2026-08-24T10:59:43.104354Z","level":"info","event":"Failure caused by (psycopg2.errors.UniqueViolation) ERRO:  duplicar valor da chave viola a restrição de unicidade \"pg_type_typname_nsp_index\"","logger":"task.stdout"}
{"timestamp":"2026-08-24T10:59:43.105351Z","level":"info","event":"DETAIL:  Chave (typname, typnamespace)=(sp_weather, 2200) já existe.","logger":"task.stdout"}
{"timestamp":"2026-08-24T10:59:43.106230Z","level":"info","event":"","logger":"task.stdout"}
{"timestamp":"2026-08-24T10:59:43.107134Z","level":"info","event":"[SQL:","logger":"task.stdout"}
{"timestamp":"2026-08-24T10:59:43.107989Z","level":"info","event":"CREATE TABLE sp_weather (","logger":"task.stdout"}
{"timestamp":"2026-08-24T10:59:43.108827Z","level":"info","event":"\tbase TEXT,","logger":"task.stdout"}
{"timestamp":"2026-08-24T10:59:43.109686Z","level":"info","event":"\tvisibility BIGINT,","logger":"task.stdout"}
{"timestamp":"2026-08-24T10:59:43.110570Z","level":"info","event":"\tdatetime TIMESTAMP WITH TIME ZONE,","logger":"task.stdout"}
{"timestamp":"2026-08-24T10:59:43.111350Z","level":"info","event":"\ttimezone BIGINT,","logger":"task.stdout"}
{"timestamp":"2026-08-24T10:59:43.112206Z","level":"info","event":"\tcity_id BIGINT,","logger":"task.stdout"}
{"timestamp":"2026-08-24T10:59:43.113275Z","level":"info","event":"\tcity_name TEXT,","logger":"task.stdout"}
{"timestamp":"2026-08-24T10:59:43.114291Z","level":"info","event":"\tcode BIGINT,","logger":"task.stdout"}
{"timestamp":"2026-08-24T10:59:43.115190Z","level":"info","event":"\tlongitude FLOAT(53),","logger":"task.stdout"}
{"timestamp":"2026-08-24T10:59:43.116031Z","level":"info","event":"\tlatitude FLOAT(53),","logger":"task.stdout"}
{"timestamp":"2026-08-24T10:59:43.117056Z","level":"info","event":"\ttemperature FLOAT(53),","logger":"task.stdout"}
{"timestamp":"2026-08-24T10:59:43.118112Z","level":"info","event":"\tfeels_like FLOAT(53),","logger":"task.stdout"}
{"timestamp":"2026-08-24T10:59:43.119443Z","level":"info","event":"\ttemp_min FLOAT(53),","logger":"task.stdout"}
{"timestamp":"2026-08-24T10:59:43.120318Z","level":"info","event":"\ttemp_max FLOAT(53),","logger":"task.stdout"}
{"timestamp":"2026-08-24T10:59:43.121701Z","level":"info","event":"\tpressure BIGINT,","logger":"task.stdout"}
{"timestamp":"2026-08-24T10:59:43.122809Z","level":"info","event":"\thumidity BIGINT,","logger":"task.stdout"}
{"timestamp":"2026-08-24T10:59:43.123720Z","level":"info","event":"\tsea_level BIGINT,","logger":"task.stdout"}
{"timestamp":"2026-08-24T10:59:43.124746Z","level":"info","event":"\tgrnd_level BIGINT,","logger":"task.stdout"}
{"timestamp":"2026-08-24T10:59:43.125899Z","level":"info","event":"\twind_speed FLOAT(53),","logger":"task.stdout"}
{"timestamp":"2026-08-24T10:59:43.126761Z","level":"info","event":"\twind_deg BIGINT,","logger":"task.stdout"}
{"timestamp":"2026-08-24T10:59:43.127759Z","level":"info","event":"\tclouds BIGINT,","logger":"task.stdout"}
{"timestamp":"2026-08-24T10:59:43.129028Z","level":"info","event":"\tsys_id BIGINT,","logger":"task.stdout"}
{"timestamp":"2026-08-24T10:59:43.130693Z","level":"info","event":"\tcountry TEXT,","logger":"task.stdout"}
{"timestamp":"2026-08-24T10:59:43.132116Z","level":"info","event":"\tsunrise TIMESTAMP WITH TIME ZONE,","logger":"task.stdout"}
{"timestamp":"2026-08-24T10:59:43.133272Z","level":"info","event":"\tsunset TIMESTAMP WITH TIME ZONE,","logger":"task.stdout"}
{"timestamp":"2026-08-24T10:59:43.134555Z","level":"info","event":"\tweather_id BIGINT,","logger":"task.stdout"}
{"timestamp":"2026-08-24T10:59:43.135560Z","level":"info","event":"\tweather_main TEXT,","logger":"task.stdout"}
{"timestamp":"2026-08-24T10:59:43.136383Z","level":"info","event":"\tweather_description TEXT","logger":"task.stdout"}
{"timestamp":"2026-08-24T10:59:43.137216Z","level":"info","event":")","logger":"task.stdout"}
{"timestamp":"2026-08-24T10:59:43.137999Z","level":"info","event":"","logger":"task.stdout"}
{"timestamp":"2026-08-24T10:59:43.138769Z","level":"info","event":"]","logger":"task.stdout"}
{"timestamp":"2026-08-24T10:59:43.139657Z","level":"info","event":"(Background on this error at: https://sqlalche.me/e/20/gkpj)","logger":"task.stdout"}
