{"timestamp":"2026-08-24T11:00:05.373878Z","level":"info","event":"DAG bundles loaded: dags-folder, example_dags","logger":"airflow.dag_processing.bundles.manager.DagBundlesManager","filename":"manager.py","lineno":179}
{"timestamp":"2026-08-24T11:00:05.382619Z","level":"info","event":"Filling up the DagBag from /opt/airflow/dags/weather_dag.py","logger":"airflow.models.dagbag.BundleDagBag","filename":"dagbag.py","lineno":593}
{"timestamp":"2026-08-24T11:00:05.461084Z","level":"info","event":"-> Conectando em host.docker.internal:5432/weather_data com usuário bud","logger":"root","filename":"load_data.py","lineno":20}
{"timestamp":"2026-08-24T11:00:05.510603Z","level":"warning","event":"The `airflow.decorators.dag` attribute is deprecated. Please use `'airflow.sdk.dag'`.","category":"DeprecatedImportWarning","filename":"/opt/airflow/dags/weather_dag.py","lineno":2,"logger":"py.warnings"}
{"timestamp":"2026-08-24T11:00:05.511440Z","level":"warning","event":"The `airflow.decorators.task` attribute is deprecated. Please use `'airflow.sdk.task'`.","category":"DeprecatedImportWarning","filename":"/opt/airflow/dags/weather_dag.py","lineno":2,"logger":"py.warnings"}
{"timestamp":"2026-08-24T11:00:05.561716Z","level":"info","event":"Task instance is in running state","logger":"task.stdout"}
{"timestamp":"2026-08-24T11:00:05.572869Z","level":"info","event":" Previous state of the Task instance: TaskInstanceState.QUEUED","logger":"task.stdout"}
{"timestamp":"2026-08-24T11:00:05.573948Z","level":"info","event":"Current task name:transform","logger":"task.stdout"}
{"timestamp":"2026-08-24T11:00:05.575027Z","level":"info","event":"Dag name:youtube_weather_pipeline","logger":"task.stdout"}
{"timestamp":"2026-08-24T11:00:05.577703Z","level":"info","event":"","logger":"task.stdout"}
{"timestamp":"2026-08-24T11:00:05.579293Z","level":"info","event":" Iniciando transformações","logger":"task.stdout"}
{"timestamp":"2026-08-24T11:00:05.573091Z","level":"info","event":"→ Criando DataFrame do arquivo JSON...","logger":"root","filename":"transform_data.py","lineno":42}
{"timestamp":"2026-08-24T11:00:05.584354Z","level":"info","event":"\n✓ DataFrame criado com 1 linha(s)","logger":"root","filename":"transform_data.py","lineno":52}
{"timestamp":"2026-08-24T11:00:05.598505Z","level":"info","event":"\n✓ Coluna 'weather' normalizada - 30 colunas","logger":"root","filename":"transform_data.py","lineno":66}
{"timestamp":"2026-08-24T11:00:05.599502Z","level":"info","event":"\n→ Removendo colunas: ['weather', 'weather_icon', 'sys.type']","logger":"root","filename":"transform_data.py","lineno":70}
{"timestamp":"2026-08-24T11:00:05.602283Z","level":"info","event":"✓ Colunas removidas - 27 colunas restantes","logger":"root","filename":"transform_data.py","lineno":72}
{"timestamp":"2026-08-24T11:00:05.602672Z","level":"info","event":"\n→ Renomeando 26 colunas...","logger":"root","filename":"transform_data.py","lineno":76}
{"timestamp":"2026-08-24T11:00:05.604332Z","level":"info","event":"✓ Colunas renomeadas","logger":"root","filename":"transform_data.py","lineno":78}
{"timestamp":"2026-08-24T11:00:05.604732Z","level":"info","event":"\n→ Convertendo colunas para datetime: ['datetime', 'sunrise', 'sunset']","logger":"root","filename":"transform_data.py","lineno":82}
{"timestamp":"2026-08-24T11:00:05.623307Z","level":"info","event":"✓ Colunas convertidas para datetime\n","logger":"root","filename":"transform_data.py","lineno":85}
{"timestamp":"2026-08-24T11:00:05.623790Z","level":"info","event":"✓ Transformações concluídas\n","logger":"root","filename":"transform_data.py","lineno":95}
{"timestamp":"2026-08-24T11:00:05.916166Z","level":"info","event":"Done. Returned value was: None","logger":"airflow.task.operators.airflow.providers.standard.decorators.python._PythonDecoratedOperator","filename":"python.py","lineno":230}
{"timestamp":"2026-08-24T11:00:05.955457Z","level":"info","event":"Task instance in success state","logger":"task.stdout"}
{"timestamp":"2026-08-24T11:00:05.956504Z","level":"info","event":" Previous state of the Task instance: TaskInstanceState.RUNNING","logger":"task.stdout"}
{"timestamp":"2026-08-24T11:00:05.957669Z","level":"info","event":"Task operator:<Task(_PythonDecoratedOperator): transform>","logger":"task.stdout"}
